autobound_and_macroscopes.lean:2:16-2:16: error: unknown identifier 'x✝'
autobound_and_macroscopes.lean:2:20-2:20: error: unknown identifier 'x✝'
autobound_and_macroscopes.lean:2:24-2:29: warning: declaration uses 'sorry'
