'a' : char
'a'
'\n'
'\\'
aaa\
'\n'

aaa'
['\u007f', '\u0000', '\u0011', '\u00ff'] : list char
'α'
'β'
'α'
'β'
