_root_.iota._eq_1 : iota 0 = []
_root_.iota._eq_2 (n : Nat) : iota (Nat.succ n) = Nat.succ n :: iota n
_root_.f._eq_1 (x_1 y : Nat) : f [x_1, y] = ([x_1, y], [y])
_root_.f._eq_2 (x_1 y : Nat) (zs : List Nat) (x_2 : zs = [] → False) : f (x_1 :: y :: zs) = f zs
_root_.f._eq_3 (x✝ : List Nat) (x_2 : ∀ (x y : Nat), x✝ = [x, y] → False)
  (x_3 : ∀ (x y : Nat) (zs : List Nat), x✝ = x :: y :: zs → False) : f x✝ = ([], [])
