namedHoles.lean:9:7: error: application type mismatch
  f ?m ?m
argument
  ?m
has type
  Nat
but is expected to have type
  Bool
failed to synthesize instance
  CoeT Nat ?m Bool
sorryAx ?m : ?m
g ?m ?m : Nat
20
foo (fun (x : Nat) => ?m x) ?m : Nat
bla ?m fun (x : Nat) => ?m : Nat
namedHoles.lean:35:38: error: synthetic hole has already been defined with an incompatible local context
boo (fun (x : Nat) => ?m x) fun (y : Bool) => sorryAx Nat : Nat
11
12
namedHoles.lean:58:26: error: synthetic hole has already been defined and assigned to value incompatible with the current context
  y
