partialStx.lean:8:0: error: unexpected end of input; expected numeral
