⟨2, _⟩ : fin 5
⟨1, _⟩ : fin 3
'a' : char
to_string 'a' : string
"a"
'a'
'\u0001'
'\u0001'
'\u0010'
'\u1000'
'\u10ffff'
'\u0001' : char
'\u0014' : char
'\u000f' : char
'\u0010' : char
'\u000f'
'\u0010'
