hi!
1
0
"ho!\n"
"hu!\n"
flush of broken pipe failed
100001
100000
