#[{ root := "Reformat", fileName := "Input.lean" }]
