unknownId.lean:3:7-3:7: error: unknown identifier 'bla✝'
unknownId.lean:6:2-6:2: error: unknown identifier 'bla✝'
unknownId.lean:11:6-11:6: error: unknown identifier 'bla✝'
